Archive member included to satisfy reference by file (symbol)

d:/iti/13-tourkey/arm_stm32f401/tools/arm gcc/bin/../lib/gcc/arm-none-eabi/5.4.1/../../../../arm-none-eabi/lib/armv7e-m\libg_nano.a(lib_a-errno.o)
                              ./system/src/newlib/_sbrk.o (__errno)
d:/iti/13-tourkey/arm_stm32f401/tools/arm gcc/bin/../lib/gcc/arm-none-eabi/5.4.1/../../../../arm-none-eabi/lib/armv7e-m\libg_nano.a(lib_a-impure.o)
                              d:/iti/13-tourkey/arm_stm32f401/tools/arm gcc/bin/../lib/gcc/arm-none-eabi/5.4.1/../../../../arm-none-eabi/lib/armv7e-m\libg_nano.a(lib_a-errno.o) (_impure_ptr)
d:/iti/13-tourkey/arm_stm32f401/tools/arm gcc/bin/../lib/gcc/arm-none-eabi/5.4.1/../../../../arm-none-eabi/lib/armv7e-m\libg_nano.a(lib_a-strlen.o)
                              ./system/src/diag/Trace.o (strlen)
d:/iti/13-tourkey/arm_stm32f401/tools/arm gcc/bin/../lib/gcc/arm-none-eabi/5.4.1/../../../../arm-none-eabi/lib/armv7e-m\libg_nano.a(lib_a-vsnprintf.o)
                              ./system/src/diag/Trace.o (vsnprintf)
d:/iti/13-tourkey/arm_stm32f401/tools/arm gcc/bin/../lib/gcc/arm-none-eabi/5.4.1/../../../../arm-none-eabi/lib/armv7e-m\libg_nano.a(lib_a-nano-svfprintf.o)
                              d:/iti/13-tourkey/arm_stm32f401/tools/arm gcc/bin/../lib/gcc/arm-none-eabi/5.4.1/../../../../arm-none-eabi/lib/armv7e-m\libg_nano.a(lib_a-vsnprintf.o) (_svfprintf_r)
d:/iti/13-tourkey/arm_stm32f401/tools/arm gcc/bin/../lib/gcc/arm-none-eabi/5.4.1/../../../../arm-none-eabi/lib/armv7e-m\libg_nano.a(lib_a-nano-vfprintf_i.o)
                              d:/iti/13-tourkey/arm_stm32f401/tools/arm gcc/bin/../lib/gcc/arm-none-eabi/5.4.1/../../../../arm-none-eabi/lib/armv7e-m\libg_nano.a(lib_a-nano-svfprintf.o) (_printf_i)
d:/iti/13-tourkey/arm_stm32f401/tools/arm gcc/bin/../lib/gcc/arm-none-eabi/5.4.1/../../../../arm-none-eabi/lib/armv7e-m\libg_nano.a(lib_a-memchr.o)
                              d:/iti/13-tourkey/arm_stm32f401/tools/arm gcc/bin/../lib/gcc/arm-none-eabi/5.4.1/../../../../arm-none-eabi/lib/armv7e-m\libg_nano.a(lib_a-nano-svfprintf.o) (memchr)
d:/iti/13-tourkey/arm_stm32f401/tools/arm gcc/bin/../lib/gcc/arm-none-eabi/5.4.1/../../../../arm-none-eabi/lib/armv7e-m\libg_nano.a(lib_a-memcpy-stub.o)
                              d:/iti/13-tourkey/arm_stm32f401/tools/arm gcc/bin/../lib/gcc/arm-none-eabi/5.4.1/../../../../arm-none-eabi/lib/armv7e-m\libg_nano.a(lib_a-nano-svfprintf.o) (memcpy)
d:/iti/13-tourkey/arm_stm32f401/tools/arm gcc/bin/../lib/gcc/arm-none-eabi/5.4.1/../../../../arm-none-eabi/lib/armv7e-m\libg_nano.a(lib_a-memmove.o)
                              d:/iti/13-tourkey/arm_stm32f401/tools/arm gcc/bin/../lib/gcc/arm-none-eabi/5.4.1/../../../../arm-none-eabi/lib/armv7e-m\libg_nano.a(lib_a-nano-svfprintf.o) (memmove)
d:/iti/13-tourkey/arm_stm32f401/tools/arm gcc/bin/../lib/gcc/arm-none-eabi/5.4.1/../../../../arm-none-eabi/lib/armv7e-m\libg_nano.a(lib_a-nano-freer.o)
                              d:/iti/13-tourkey/arm_stm32f401/tools/arm gcc/bin/../lib/gcc/arm-none-eabi/5.4.1/../../../../arm-none-eabi/lib/armv7e-m\libg_nano.a(lib_a-nano-svfprintf.o) (_free_r)
d:/iti/13-tourkey/arm_stm32f401/tools/arm gcc/bin/../lib/gcc/arm-none-eabi/5.4.1/../../../../arm-none-eabi/lib/armv7e-m\libg_nano.a(lib_a-nano-mallocr.o)
                              d:/iti/13-tourkey/arm_stm32f401/tools/arm gcc/bin/../lib/gcc/arm-none-eabi/5.4.1/../../../../arm-none-eabi/lib/armv7e-m\libg_nano.a(lib_a-nano-svfprintf.o) (_malloc_r)
d:/iti/13-tourkey/arm_stm32f401/tools/arm gcc/bin/../lib/gcc/arm-none-eabi/5.4.1/../../../../arm-none-eabi/lib/armv7e-m\libg_nano.a(lib_a-nano-reallocr.o)
                              d:/iti/13-tourkey/arm_stm32f401/tools/arm gcc/bin/../lib/gcc/arm-none-eabi/5.4.1/../../../../arm-none-eabi/lib/armv7e-m\libg_nano.a(lib_a-nano-svfprintf.o) (_realloc_r)
d:/iti/13-tourkey/arm_stm32f401/tools/arm gcc/bin/../lib/gcc/arm-none-eabi/5.4.1/../../../../arm-none-eabi/lib/armv7e-m\libg_nano.a(lib_a-sbrkr.o)
                              d:/iti/13-tourkey/arm_stm32f401/tools/arm gcc/bin/../lib/gcc/arm-none-eabi/5.4.1/../../../../arm-none-eabi/lib/armv7e-m\libg_nano.a(lib_a-nano-mallocr.o) (_sbrk_r)
d:/iti/13-tourkey/arm_stm32f401/tools/arm gcc/bin/../lib/gcc/arm-none-eabi/5.4.1/../../../../arm-none-eabi/lib/armv7e-m\libg_nano.a(lib_a-mlock.o)
                              d:/iti/13-tourkey/arm_stm32f401/tools/arm gcc/bin/../lib/gcc/arm-none-eabi/5.4.1/../../../../arm-none-eabi/lib/armv7e-m\libg_nano.a(lib_a-nano-freer.o) (__malloc_lock)
d:/iti/13-tourkey/arm_stm32f401/tools/arm gcc/bin/../lib/gcc/arm-none-eabi/5.4.1/../../../../arm-none-eabi/lib/armv7e-m\libg_nano.a(lib_a-nano-msizer.o)
                              d:/iti/13-tourkey/arm_stm32f401/tools/arm gcc/bin/../lib/gcc/arm-none-eabi/5.4.1/../../../../arm-none-eabi/lib/armv7e-m\libg_nano.a(lib_a-nano-reallocr.o) (_malloc_usable_size_r)

Allocating common symbols
Common symbol       size              file

[...]
Memory Configuration

Name             Origin             Length             Attributes
RAM              0x20000000         0x00010000         xrw
CCMRAM           0x10000000         0x00000000         xrw
FLASH            0x08000000         0x00040000         xr
FLASHB1          0x00000000         0x00000000         xr
EXTMEMB0         0x00000000         0x00000000         xr
EXTMEMB1         0x00000000         0x00000000         xr
EXTMEMB2         0x00000000         0x00000000         xr
EXTMEMB3         0x00000000         0x00000000         xr
*default*        0x00000000         0xffffffff

Linker script and memory map

LOAD ./system/src/newlib/_cxx.o
LOAD ./system/src/newlib/_exit.o
LOAD ./system/src/newlib/_sbrk.o
LOAD ./system/src/newlib/_startup.o
LOAD ./system/src/newlib/_syscalls.o
LOAD ./system/src/newlib/assert.o
LOAD ./system/src/diag/Trace.o
LOAD ./system/src/diag/trace_impl.o
LOAD ./system/src/cortexm/_initialize_hardware.o
LOAD ./system/src/cortexm/_reset_hardware.o
LOAD ./system/src/cortexm/exception_handlers.o
LOAD ./system/src/cmsis/system_stm32f4xx.o
LOAD ./system/src/cmsis/vectors_stm32f401xc.o
LOAD ./src/GPIO.o
LOAD ./src/H_Lcd.o
LOAD ./src/H_Lcd_cfg.o
LOAD ./src/KeyPad.o
LOAD ./src/KeyPad_cfg.o
LOAD ./src/RCC.o
LOAD ./src/Sched.o
LOAD ./src/Sched_cfg.o
LOAD ./src/Systick.o
LOAD ./src/app.o
LOAD ./src/main.o
LOAD d:/iti/13-tourkey/arm_stm32f401/tools/arm gcc/bin/../lib/gcc/arm-none-eabi/5.4.1/../../../../arm-none-eabi/lib/armv7e-m\libstdc++_nano.a
LOAD d:/iti/13-tourkey/arm_stm32f401/tools/arm gcc/bin/../lib/gcc/arm-none-eabi/5.4.1/../../../../arm-none-eabi/lib/armv7e-m\libm.a
START GROUP
LOAD d:/iti/13-tourkey/arm_stm32f401/tools/arm gcc/bin/../lib/gcc/arm-none-eabi/5.4.1/armv7e-m\libgcc.a
LOAD d:/iti/13-tourkey/arm_stm32f401/tools/arm gcc/bin/../lib/gcc/arm-none-eabi/5.4.1/../../../../arm-none-eabi/lib/armv7e-m\libg_nano.a
LOAD d:/iti/13-tourkey/arm_stm32f401/tools/arm gcc/bin/../lib/gcc/arm-none-eabi/5.4.1/../../../../arm-none-eabi/lib/armv7e-m\libc_nano.a
END GROUP
START GROUP
LOAD d:/iti/13-tourkey/arm_stm32f401/tools/arm gcc/bin/../lib/gcc/arm-none-eabi/5.4.1/armv7e-m\libgcc.a
LOAD d:/iti/13-tourkey/arm_stm32f401/tools/arm gcc/bin/../lib/gcc/arm-none-eabi/5.4.1/../../../../arm-none-eabi/lib/armv7e-m\libc_nano.a
END GROUP
                0x20010000                __stack = (ORIGIN (RAM) + LENGTH (RAM))
                0x20010000                _estack = __stack
                0x00000400                __Main_Stack_Size = 0x400
                [!provide]                PROVIDE (_Main_Stack_Size, __Main_Stack_Size)
                0x2000fc00                __Main_Stack_Limit = (__stack - __Main_Stack_Size)
                [!provide]                PROVIDE (_Main_Stack_Limit, __Main_Stack_Limit)
                0x00000100                _Minimum_Stack_Size = 0x100
                0x2000015c                PROVIDE (_Heap_Begin, _end_noinit)
                0x2000fc00                PROVIDE (_Heap_Limit, (__stack - __Main_Stack_Size))

.isr_vector     0x08000000      0x3f8
 FILL mask 0xff
                0x08000000                __vectors_start = ABSOLUTE (.)
                0x08000000                __vectors_start__ = ABSOLUTE (.)
 *(.isr_vector)
 .isr_vector    0x08000000      0x194 ./system/src/cmsis/vectors_stm32f401xc.o
                0x08000000                __isr_vectors
 *(.cfmconfig)
 *(.after_vectors .after_vectors.*)
 .after_vectors
                0x08000194      0x130 ./system/src/newlib/_startup.o
                0x08000194                _start
 .after_vectors
                0x080002c4      0x130 ./system/src/cortexm/exception_handlers.o
                0x080002c4                Reset_Handler
                0x080002cc                NMI_Handler
                0x080002d0                HardFault_Handler
                0x080002e4                HardFault_Handler_C
                0x08000344                MemManage_Handler
                0x08000348                BusFault_Handler
                0x0800035c                BusFault_Handler_C
                0x08000390                UsageFault_Handler
                0x080003a4                UsageFault_Handler_C
                0x080003d8                SVC_Handler
                0x080003dc                DebugMon_Handler
                0x080003e0                PendSV_Handler
 .after_vectors
                0x080003f4        0x4 ./system/src/cmsis/vectors_stm32f401xc.o
                0x080003f4                RTC_Alarm_IRQHandler
                0x080003f4                EXTI2_IRQHandler
                0x080003f4                SPI4_IRQHandler
                0x080003f4                TIM1_CC_IRQHandler
                0x080003f4                DMA2_Stream5_IRQHandler
                0x080003f4                DMA1_Stream5_IRQHandler
                0x080003f4                PVD_IRQHandler
                0x080003f4                SDIO_IRQHandler
                0x080003f4                TAMP_STAMP_IRQHandler
                0x080003f4                EXTI3_IRQHandler
                0x080003f4                TIM1_UP_TIM10_IRQHandler
                0x080003f4                I2C3_ER_IRQHandler
                0x080003f4                EXTI0_IRQHandler
                0x080003f4                I2C2_EV_IRQHandler
                0x080003f4                DMA1_Stream2_IRQHandler
                0x080003f4                FPU_IRQHandler
                0x080003f4                DMA2_Stream2_IRQHandler
                0x080003f4                SPI1_IRQHandler
                0x080003f4                TIM1_BRK_TIM9_IRQHandler
                0x080003f4                DMA2_Stream3_IRQHandler
                0x080003f4                USART6_IRQHandler
                0x080003f4                DMA2_Stream0_IRQHandler
                0x080003f4                TIM4_IRQHandler
                0x080003f4                I2C1_EV_IRQHandler
                0x080003f4                DMA1_Stream6_IRQHandler
                0x080003f4                DMA1_Stream1_IRQHandler
                0x080003f4                TIM3_IRQHandler
                0x080003f4                RCC_IRQHandler
                0x080003f4                Default_Handler
                0x080003f4                EXTI15_10_IRQHandler
                0x080003f4                ADC_IRQHandler
                0x080003f4                DMA1_Stream7_IRQHandler
                0x080003f4                TIM5_IRQHandler
                0x080003f4                DMA2_Stream7_IRQHandler
                0x080003f4                I2C3_EV_IRQHandler
                0x080003f4                EXTI9_5_IRQHandler
                0x080003f4                RTC_WKUP_IRQHandler
                0x080003f4                SPI2_IRQHandler
                0x080003f4                DMA1_Stream0_IRQHandler
                0x080003f4                EXTI4_IRQHandler
                0x080003f4                WWDG_IRQHandler
                0x080003f4                TIM2_IRQHandler
                0x080003f4                OTG_FS_WKUP_IRQHandler
                0x080003f4                TIM1_TRG_COM_TIM11_IRQHandler
                0x080003f4                EXTI1_IRQHandler
                0x080003f4                USART2_IRQHandler
                0x080003f4                I2C2_ER_IRQHandler
                0x080003f4                DMA2_Stream1_IRQHandler
                0x080003f4                FLASH_IRQHandler
                0x080003f4                DMA2_Stream4_IRQHandler
                0x080003f4                USART1_IRQHandler
                0x080003f4                OTG_FS_IRQHandler
                0x080003f4                SPI3_IRQHandler
                0x080003f4                DMA1_Stream4_IRQHandler
                0x080003f4                I2C1_ER_IRQHandler
                0x080003f4                DMA2_Stream6_IRQHandler
                0x080003f4                DMA1_Stream3_IRQHandler

.inits          0x080003f8       0x28
                0x080003f8                __data_regions_array_start = .
                0x080003f8        0x4 LONG 0x8001cc8 LOADADDR (.data)
                0x080003fc        0x4 LONG 0x20000000 ADDR (.data)
                0x08000400        0x4 LONG 0x2000008c (ADDR (.data) + SIZEOF (.data))
                0x08000404        0x4 LONG 0x8001cc8 LOADADDR (.data_CCMRAM)
                0x08000408        0x4 LONG 0x10000000 ADDR (.data_CCMRAM)
                0x0800040c        0x4 LONG 0x10000000 (ADDR (.data_CCMRAM) + SIZEOF (.data_CCMRAM))
                0x08000410                __data_regions_array_end = .
                0x08000410                __bss_regions_array_start = .
                0x08000410        0x4 LONG 0x2000008c ADDR (.bss)
                0x08000414        0x4 LONG 0x2000015c (ADDR (.bss) + SIZEOF (.bss))
                0x08000418        0x4 LONG 0x10000000 ADDR (.bss_CCMRAM)
                0x0800041c        0x4 LONG 0x10000000 (ADDR (.bss_CCMRAM) + SIZEOF (.bss_CCMRAM))
                0x08000420                __bss_regions_array_end = .
 *(.init)
 *(.fini)
                0x08000420                . = ALIGN (0x4)
                0x08000420                PROVIDE (__preinit_array_start, .)
 *(.preinit_array_sysinit .preinit_array_sysinit.*)
 *(.preinit_array_platform .preinit_array_platform.*)
 *(.preinit_array .preinit_array.*)
                0x08000420                PROVIDE (__preinit_array_end, .)
                0x08000420                . = ALIGN (0x4)
                0x08000420                PROVIDE (__init_array_start, .)
 *(SORT(.init_array.*))
 *(.init_array)
                0x08000420                PROVIDE (__init_array_end, .)
                0x08000420                . = ALIGN (0x4)
                0x08000420                PROVIDE (__fini_array_start, .)
 *(SORT(.fini_array.*))
 *(.fini_array)
                0x08000420                PROVIDE (__fini_array_end, .)

.flashtext
 *(.flashtext .flashtext.*)

.text           0x08000420     0x18a7
 *(.text .text.*)
 .text._exit    0x08000420        0x4 ./system/src/newlib/_exit.o
                0x08000420                _exit
 .text._sbrk    0x08000424       0x44 ./system/src/newlib/_sbrk.o
                0x08000424                _sbrk
 .text.__initialize_args
                0x08000468       0x10 ./system/src/newlib/_syscalls.o
                0x08000468                __initialize_args
 .text.trace_printf
                0x08000478       0x30 ./system/src/diag/Trace.o
                0x08000478                trace_printf
 .text._trace_write_semihosting_debug
                0x080004a8       0x64 ./system/src/diag/trace_impl.o
 .text.trace_write
                0x0800050c        0x8 ./system/src/diag/trace_impl.o
                0x0800050c                trace_write
 .text.__initialize_hardware_early
                0x08000514       0x18 ./system/src/cortexm/_initialize_hardware.o
                0x08000514                __initialize_hardware_early
 .text.__initialize_hardware
                0x0800052c        0x8 ./system/src/cortexm/_initialize_hardware.o
                0x0800052c                __initialize_hardware
 .text.dumpExceptionStack
                0x08000534       0xf0 ./system/src/cortexm/exception_handlers.o
                0x08000534                dumpExceptionStack
 .text.isSemihosting
                0x08000624       0x20 ./system/src/cortexm/exception_handlers.o
                0x08000624                isSemihosting
 .text.SystemInit
                0x08000644       0x40 ./system/src/cmsis/system_stm32f4xx.o
                0x08000644                SystemInit
 .text.SystemCoreClockUpdate
                0x08000684       0xa0 ./system/src/cmsis/system_stm32f4xx.o
                0x08000684                SystemCoreClockUpdate
 .text.Gpio_enuinitPinCfg
                0x08000724       0x88 ./src/GPIO.o
                0x08000724                Gpio_enuinitPinCfg
 .text.Gpio_enuSetPintValue
                0x080007ac       0x38 ./src/GPIO.o
                0x080007ac                Gpio_enuSetPintValue
 .text.Gpio_enuGetPinValue
                0x080007e4       0x24 ./src/GPIO.o
                0x080007e4                Gpio_enuGetPinValue
 .text.Lcd_EnableBulse
                0x08000808       0x18 ./src/H_Lcd.o
 .text.Lcd_SendCommand
                0x08000820       0x58 ./src/H_Lcd.o
                0x08000820                Lcd_SendCommand
 .text.Lcd_Init
                0x08000878       0xcc ./src/H_Lcd.o
 .text.Lcd_ClearScreenProcess
                0x08000944       0x30 ./src/H_Lcd.o
 .text.Lcd_SendData
                0x08000974       0x58 ./src/H_Lcd.o
                0x08000974                Lcd_SendData
 .text.Lcd_SendStringProcess
                0x080009cc       0x9c ./src/H_Lcd.o
 .text.Lcd_Task
                0x08000a68       0x38 ./src/H_Lcd.o
                0x08000a68                Lcd_Task
 .text.Lcd_SendStringReq
                0x08000aa0       0x34 ./src/H_Lcd.o
                0x08000aa0                Lcd_SendStringReq
 .text.KeyPad_Init
                0x08000ad4       0x7c ./src/KeyPad.o
                0x08000ad4                KeyPad_Init
 .text.KeyPad_Task
                0x08000b50      0x118 ./src/KeyPad.o
                0x08000b50                KeyPad_Task
 .text.KeyPad_enuGetKey
                0x08000c68       0x18 ./src/KeyPad.o
                0x08000c68                KeyPad_enuGetKey
 .text.RCC_EnablePriphralCLK
                0x08000c80       0x54 ./src/RCC.o
                0x08000c80                RCC_EnablePriphralCLK
 .text.Sched_Systickfunc
                0x08000cd4        0xc ./src/Sched.o
                0x08000cd4                Sched_Systickfunc
 .text.sched    0x08000ce0       0x54 ./src/Sched.o
 .text.Sched_Init
                0x08000d34       0x18 ./src/Sched.o
                0x08000d34                Sched_Init
 .text.Sched_Start
                0x08000d4c       0x20 ./src/Sched.o
                0x08000d4c                Sched_Start
 .text.Systick_Init
                0x08000d6c       0x18 ./src/Systick.o
                0x08000d6c                Systick_Init
 .text.Systick_SetTimeMs
                0x08000d84       0x20 ./src/Systick.o
                0x08000d84                Systick_SetTimeMs
 .text.Systick_Start
                0x08000da4       0x10 ./src/Systick.o
                0x08000da4                Systick_Start
 .text.Systick_RegisterCbf
                0x08000db4        0xc ./src/Systick.o
                0x08000db4                Systick_RegisterCbf
 .text.SysTick_Handler
                0x08000dc0       0x10 ./src/Systick.o
                0x08000dc0                SysTick_Handler
 .text.clear_str
                0x08000dd0       0x34 ./src/app.o
 .text.Revers_Num
                0x08000e04       0x64 ./src/app.o
 .text.CheckKeypad
                0x08000e68      0x2a8 ./src/app.o
                0x08000e68                CheckKeypad
 .text.Calc_Draw
                0x08001110       0x10 ./src/app.o
                0x08001110                Calc_Draw
 .text.main     0x08001120       0x24 ./src/main.o
                0x08001120                main
 .text.__errno  0x08001144        0xc d:/iti/13-tourkey/arm_stm32f401/tools/arm gcc/bin/../lib/gcc/arm-none-eabi/5.4.1/../../../../arm-none-eabi/lib/armv7e-m\libg_nano.a(lib_a-errno.o)
                0x08001144                __errno
 .text._vsnprintf_r
                0x08001150       0x56 d:/iti/13-tourkey/arm_stm32f401/tools/arm gcc/bin/../lib/gcc/arm-none-eabi/5.4.1/../../../../arm-none-eabi/lib/armv7e-m\libg_nano.a(lib_a-vsnprintf.o)
                0x08001150                _vsniprintf_r
                0x08001150                _vsnprintf_r
 *fill*         0x080011a6        0x2 
 .text.vsnprintf
                0x080011a8       0x1c d:/iti/13-tourkey/arm_stm32f401/tools/arm gcc/bin/../lib/gcc/arm-none-eabi/5.4.1/../../../../arm-none-eabi/lib/armv7e-m\libg_nano.a(lib_a-vsnprintf.o)
                0x080011a8                vsniprintf
                0x080011a8                vsnprintf
 .text.__ssputs_r
                0x080011c4       0xb2 d:/iti/13-tourkey/arm_stm32f401/tools/arm gcc/bin/../lib/gcc/arm-none-eabi/5.4.1/../../../../arm-none-eabi/lib/armv7e-m\libg_nano.a(lib_a-nano-svfprintf.o)
                0x080011c4                __ssputs_r
 *fill*         0x08001276        0x2 
 .text._svfprintf_r
                0x08001278      0x1e8 d:/iti/13-tourkey/arm_stm32f401/tools/arm gcc/bin/../lib/gcc/arm-none-eabi/5.4.1/../../../../arm-none-eabi/lib/armv7e-m\libg_nano.a(lib_a-nano-svfprintf.o)
                0x08001278                _svfiprintf_r
                0x08001278                _svfprintf_r
 .text._printf_common
                0x08001460       0xec d:/iti/13-tourkey/arm_stm32f401/tools/arm gcc/bin/../lib/gcc/arm-none-eabi/5.4.1/../../../../arm-none-eabi/lib/armv7e-m\libg_nano.a(lib_a-nano-vfprintf_i.o)
                0x08001460                _printf_common
 .text._printf_i
                0x0800154c      0x24c d:/iti/13-tourkey/arm_stm32f401/tools/arm gcc/bin/../lib/gcc/arm-none-eabi/5.4.1/../../../../arm-none-eabi/lib/armv7e-m\libg_nano.a(lib_a-nano-vfprintf_i.o)
                0x0800154c                _printf_i
 *fill*         0x08001798        0x8 
 .text          0x080017a0       0xa0 d:/iti/13-tourkey/arm_stm32f401/tools/arm gcc/bin/../lib/gcc/arm-none-eabi/5.4.1/../../../../arm-none-eabi/lib/armv7e-m\libg_nano.a(lib_a-memchr.o)
                0x080017a0                memchr
 .text.memcpy   0x08001840       0x16 d:/iti/13-tourkey/arm_stm32f401/tools/arm gcc/bin/../lib/gcc/arm-none-eabi/5.4.1/../../../../arm-none-eabi/lib/armv7e-m\libg_nano.a(lib_a-memcpy-stub.o)
                0x08001840                memcpy
 .text.memmove  0x08001856       0x36 d:/iti/13-tourkey/arm_stm32f401/tools/arm gcc/bin/../lib/gcc/arm-none-eabi/5.4.1/../../../../arm-none-eabi/lib/armv7e-m\libg_nano.a(lib_a-memmove.o)
                0x08001856                memmove
 .text._free_r  0x0800188c       0x9c d:/iti/13-tourkey/arm_stm32f401/tools/arm gcc/bin/../lib/gcc/arm-none-eabi/5.4.1/../../../../arm-none-eabi/lib/armv7e-m\libg_nano.a(lib_a-nano-freer.o)
                0x0800188c                _free_r
 .text._malloc_r
                0x08001928       0xbc d:/iti/13-tourkey/arm_stm32f401/tools/arm gcc/bin/../lib/gcc/arm-none-eabi/5.4.1/../../../../arm-none-eabi/lib/armv7e-m\libg_nano.a(lib_a-nano-mallocr.o)
                0x08001928                _malloc_r
 .text._realloc_r
                0x080019e4       0x4c d:/iti/13-tourkey/arm_stm32f401/tools/arm gcc/bin/../lib/gcc/arm-none-eabi/5.4.1/../../../../arm-none-eabi/lib/armv7e-m\libg_nano.a(lib_a-nano-reallocr.o)
                0x080019e4                _realloc_r
 .text._sbrk_r  0x08001a30       0x20 d:/iti/13-tourkey/arm_stm32f401/tools/arm gcc/bin/../lib/gcc/arm-none-eabi/5.4.1/../../../../arm-none-eabi/lib/armv7e-m\libg_nano.a(lib_a-sbrkr.o)
                0x08001a30                _sbrk_r
 .text.__malloc_lock
                0x08001a50        0x2 d:/iti/13-tourkey/arm_stm32f401/tools/arm gcc/bin/../lib/gcc/arm-none-eabi/5.4.1/../../../../arm-none-eabi/lib/armv7e-m\libg_nano.a(lib_a-mlock.o)
                0x08001a50                __malloc_lock
 .text.__malloc_unlock
                0x08001a52        0x2 d:/iti/13-tourkey/arm_stm32f401/tools/arm gcc/bin/../lib/gcc/arm-none-eabi/5.4.1/../../../../arm-none-eabi/lib/armv7e-m\libg_nano.a(lib_a-mlock.o)
                0x08001a52                __malloc_unlock
 .text._malloc_usable_size_r
                0x08001a54       0x14 d:/iti/13-tourkey/arm_stm32f401/tools/arm gcc/bin/../lib/gcc/arm-none-eabi/5.4.1/../../../../arm-none-eabi/lib/armv7e-m\libg_nano.a(lib_a-nano-msizer.o)
                0x08001a54                _malloc_usable_size_r
 *(.rodata .rodata.* .constdata .constdata.*)
 .rodata.str1.4
                0x08001a68      0x146 ./system/src/cortexm/exception_handlers.o
 *fill*         0x08001bae        0x2 
 .rodata.AHBPrescTable
                0x08001bb0       0x10 ./system/src/cmsis/system_stm32f4xx.o
                0x08001bb0                AHBPrescTable
 .rodata.Lcd_cfgArray
                0x08001bc0       0x58 ./src/H_Lcd_cfg.o
                0x08001bc0                Lcd_cfgArray
 .rodata.Loc_au8KeysPinsRows
                0x08001c18       0x20 ./src/KeyPad_cfg.o
                0x08001c18                Loc_au8KeysPinsRows
 .rodata.KeyPad_auint8_tKeys
                0x08001c38       0x10 ./src/KeyPad_cfg.o
                0x08001c38                KeyPad_auint8_tKeys
 .rodata.Loc_au8KeysPinsColms
                0x08001c48       0x20 ./src/KeyPad_cfg.o
                0x08001c48                Loc_au8KeysPinsColms
 .rodata.str1.4
                0x08001c68        0xc ./src/Sched.o
                                  0x9 (size before relaxing)
 .rodata.runnables
                0x08001c74       0x20 ./src/Sched_cfg.o
                0x08001c74                runnables
 .rodata.str1.1
                0x08001c94       0x11 d:/iti/13-tourkey/arm_stm32f401/tools/arm gcc/bin/../lib/gcc/arm-none-eabi/5.4.1/../../../../arm-none-eabi/lib/armv7e-m\libg_nano.a(lib_a-nano-svfprintf.o)
 .rodata.str1.1
                0x08001ca5       0x22 d:/iti/13-tourkey/arm_stm32f401/tools/arm gcc/bin/../lib/gcc/arm-none-eabi/5.4.1/../../../../arm-none-eabi/lib/armv7e-m\libg_nano.a(lib_a-nano-vfprintf_i.o)
 *(vtable)
 *(.eh_frame*)
 *(.glue_7)
 .glue_7        0x08001cc7        0x0 linker stubs
 *(.glue_7t)
 .glue_7t       0x08001cc7        0x0 linker stubs

.vfp11_veneer   0x08001cc8        0x0
 .vfp11_veneer  0x08001cc8        0x0 linker stubs

.v4_bx          0x08001cc8        0x0
 .v4_bx         0x08001cc8        0x0 linker stubs

.iplt           0x08001cc8        0x0
 .iplt          0x08001cc8        0x0 ./system/src/newlib/_cxx.o

.rel.dyn        0x08001cc8        0x0
 .rel.iplt      0x08001cc8        0x0 ./system/src/newlib/_cxx.o

.ARM.extab
 *(.ARM.extab* .gnu.linkonce.armextab.*)
                0x08001cc8                . = ALIGN (0x4)
                0x08001cc8                __exidx_start = .

.ARM.exidx
 *(.ARM.exidx* .gnu.linkonce.armexidx.*)
                0x08001cc8                __exidx_end = .
                0x08001cc8                . = ALIGN (0x4)
                0x08001cc8                _etext = .
                0x08001cc8                __etext = .

.data_CCMRAM    0x10000000        0x0 load address 0x08001cc8
 FILL mask 0xff
 *(.data.CCMRAM .data.CCMRAM.*)
                0x10000000                . = ALIGN (0x4)
                0x08001cc8                _sidata = LOADADDR (.data)

.data           0x20000000       0x8c load address 0x08001cc8
 FILL mask 0xff
                0x20000000                _sdata = .
                0x20000000                __data_start__ = .
 *(.data_begin .data_begin.*)
 .data_begin    0x20000000        0x4 ./system/src/newlib/_startup.o
 *(.data .data.*)
 .data.argv.4290
                0x20000004        0x8 ./system/src/newlib/_syscalls.o
 .data.SystemCoreClock
                0x2000000c        0x4 ./system/src/cmsis/system_stm32f4xx.o
                0x2000000c                SystemCoreClock
 .data.str      0x20000010       0x12 ./src/app.o
 *fill*         0x20000022        0x2 ff
 .data.impure_data
                0x20000024       0x60 d:/iti/13-tourkey/arm_stm32f401/tools/arm gcc/bin/../lib/gcc/arm-none-eabi/5.4.1/../../../../arm-none-eabi/lib/armv7e-m\libg_nano.a(lib_a-impure.o)
 .data._impure_ptr
                0x20000084        0x4 d:/iti/13-tourkey/arm_stm32f401/tools/arm gcc/bin/../lib/gcc/arm-none-eabi/5.4.1/../../../../arm-none-eabi/lib/armv7e-m\libg_nano.a(lib_a-impure.o)
                0x20000084                _impure_ptr
 *(.data_end .data_end.*)
 .data_end      0x20000088        0x4 ./system/src/newlib/_startup.o
                0x2000008c                . = ALIGN (0x4)
                0x2000008c                _edata = .
                0x2000008c                __data_end__ = .

.igot.plt       0x2000008c        0x0 load address 0x08001d54
 .igot.plt      0x2000008c        0x0 ./system/src/newlib/_cxx.o

.bss_CCMRAM     0x10000000        0x0
 *(.bss.CCMRAM .bss.CCMRAM.*)

.bss            0x2000008c       0xd0
                0x2000008c                __bss_start__ = .
                0x2000008c                _sbss = .
 *(.bss_begin .bss_begin.*)
 .bss_begin     0x2000008c        0x4 ./system/src/newlib/_startup.o
 *(.bss .bss.*)
 .bss.current_heap_end.3974
                0x20000090        0x4 ./system/src/newlib/_sbrk.o
 .bss.name.4289
                0x20000094        0x1 ./system/src/newlib/_syscalls.o
 *fill*         0x20000095        0x3 
 .bss.buf.5179  0x20000098       0x80 ./system/src/diag/Trace.o
 .bss.Loc_Init_state.5217
                0x20000118        0x1 ./src/H_Lcd.o
 *fill*         0x20000119        0x3 
 .bss.Buffer_string
                0x2000011c       0x12 ./src/H_Lcd.o
 .bss.Loc_SendStringstate.5231
                0x2000012e        0x1 ./src/H_Lcd.o
 .bss.counter_firstdelay.5200
                0x2000012f        0x1 ./src/H_Lcd.o
 .bss.req       0x20000130        0x1 ./src/H_Lcd.o
 .bss.Loc_Enable_Need.5230
                0x20000131        0x1 ./src/H_Lcd.o
 .bss.Loc_Init_state.5199
                0x20000132        0x1 ./src/H_Lcd.o
 .bss.Loc_StringCounter.5229
                0x20000133        0x1 ./src/H_Lcd.o
 .bss.Loc_Enable_Need.5239
                0x20000134        0x1 ./src/H_Lcd.o
 .bss.Enable_Need.5201
                0x20000135        0x1 ./src/H_Lcd.o
 .bss.PressedKey_state
                0x20000136        0x1 ./src/KeyPad.o
 .bss.prev_PressedKey.4248
                0x20000137        0x1 ./src/KeyPad.o
 .bss.counter.4247
                0x20000138        0x1 ./src/KeyPad.o
 .bss.PressedKey_private_state.4249
                0x20000139        0x1 ./src/KeyPad.o
 .bss.Glop_SchedStart
                0x2000013a        0x1 ./src/Sched.o
                0x2000013a                Glop_SchedStart
 *fill*         0x2000013b        0x1 
 .bss.time.5445
                0x2000013c        0x4 ./src/Sched.o
 .bss.Cbf       0x20000140        0x4 ./src/Systick.o
 .bss.index_start
                0x20000144        0x1 ./src/app.o
 .bss.Glop_Scond_Op
                0x20000145        0x1 ./src/app.o
 .bss.equal.3814
                0x20000146        0x1 ./src/app.o
 .bss.Glop_Op   0x20000147        0x1 ./src/app.o
 .bss.Operand_state.3811
                0x20000148        0x1 ./src/app.o
 .bss.CalcState.3810
                0x20000149        0x1 ./src/app.o
 .bss.Glop_first_Op
                0x2000014a        0x1 ./src/app.o
 *fill*         0x2000014b        0x1 
 .bss.__malloc_sbrk_start
                0x2000014c        0x4 d:/iti/13-tourkey/arm_stm32f401/tools/arm gcc/bin/../lib/gcc/arm-none-eabi/5.4.1/../../../../arm-none-eabi/lib/armv7e-m\libg_nano.a(lib_a-nano-mallocr.o)
                0x2000014c                __malloc_sbrk_start
 .bss.__malloc_free_list
                0x20000150        0x4 d:/iti/13-tourkey/arm_stm32f401/tools/arm gcc/bin/../lib/gcc/arm-none-eabi/5.4.1/../../../../arm-none-eabi/lib/armv7e-m\libg_nano.a(lib_a-nano-mallocr.o)
                0x20000150                __malloc_free_list
 *(COMMON)
 COMMON         0x20000154        0x4 ./system/src/newlib/_syscalls.o
                0x20000154                errno
 *(.bss_end .bss_end.*)
 .bss_end       0x20000158        0x4 ./system/src/newlib/_startup.o
                0x2000015c                . = ALIGN (0x4)
                0x2000015c                __bss_end__ = .
                0x2000015c                _ebss = .

.noinit_CCMRAM
 *(.noinit.CCMRAM .noinit.CCMRAM.*)

.noinit         0x2000015c        0x0
                0x2000015c                _noinit = .
 *(.noinit .noinit.*)
                0x2000015c                . = ALIGN (0x4)
                0x2000015c                _end_noinit = .
                [!provide]                PROVIDE (end, _end_noinit)
                [!provide]                PROVIDE (_end, _end_noinit)
                [!provide]                PROVIDE (__end, _end_noinit)
                [!provide]                PROVIDE (__end__, _end_noinit)

._check_stack   0x2000015c      0x100
                0x2000025c                . = (. + _Minimum_Stack_Size)
 *fill*         0x2000015c      0x100 

.b1text
 *(.b1text)
 *(.b1rodata)
 *(.b1rodata.*)

.eb0text
 *(.eb0text)
 *(.eb0rodata)
 *(.eb0rodata.*)

.eb1text
 *(.eb1text)
 *(.eb1rodata)
 *(.eb1rodata.*)

.eb2text
 *(.eb2text)
 *(.eb2rodata)
 *(.eb2rodata.*)

.eb3text
 *(.eb3text)
 *(.eb3rodata)
 *(.eb3rodata.*)

.stab
 *(.stab)

.stabstr
 *(.stabstr)

.stab.excl
 *(.stab.excl)

.stab.exclstr
 *(.stab.exclstr)

.stab.index
 *(.stab.index)

.stab.indexstr
 *(.stab.indexstr)

.comment        0x00000000       0x6e
 *(.comment)
 .comment       0x00000000       0x6e ./system/src/newlib/_exit.o
                                 0x6f (size before relaxing)
 .comment       0x0000006e       0x6f ./system/src/newlib/_sbrk.o
 .comment       0x0000006e       0x6f ./system/src/newlib/_startup.o
 .comment       0x0000006e       0x6f ./system/src/newlib/_syscalls.o
 .comment       0x0000006e       0x6f ./system/src/diag/Trace.o
 .comment       0x0000006e       0x6f ./system/src/diag/trace_impl.o
 .comment       0x0000006e       0x6f ./system/src/cortexm/_initialize_hardware.o
 .comment       0x0000006e       0x6f ./system/src/cortexm/exception_handlers.o
 .comment       0x0000006e       0x6f ./system/src/cmsis/system_stm32f4xx.o
 .comment       0x0000006e       0x6f ./system/src/cmsis/vectors_stm32f401xc.o
 .comment       0x0000006e       0x6f ./src/GPIO.o
 .comment       0x0000006e       0x6f ./src/H_Lcd.o
 .comment       0x0000006e       0x6f ./src/H_Lcd_cfg.o
 .comment       0x0000006e       0x6f ./src/KeyPad.o
 .comment       0x0000006e       0x6f ./src/KeyPad_cfg.o
 .comment       0x0000006e       0x6f ./src/RCC.o
 .comment       0x0000006e       0x6f ./src/Sched.o
 .comment       0x0000006e       0x6f ./src/Sched_cfg.o
 .comment       0x0000006e       0x6f ./src/Systick.o
 .comment       0x0000006e       0x6f ./src/app.o
 .comment       0x0000006e       0x6f ./src/main.o

.ARM.attributes
                0x00000000       0x31
 .ARM.attributes
                0x00000000       0x33 ./system/src/newlib/_exit.o
 .ARM.attributes
                0x00000033       0x33 ./system/src/newlib/_sbrk.o
 .ARM.attributes
                0x00000066       0x33 ./system/src/newlib/_startup.o
 .ARM.attributes
                0x00000099       0x33 ./system/src/newlib/_syscalls.o
 .ARM.attributes
                0x000000cc       0x33 ./system/src/diag/Trace.o
 .ARM.attributes
                0x000000ff       0x33 ./system/src/diag/trace_impl.o
 .ARM.attributes
                0x00000132       0x33 ./system/src/cortexm/_initialize_hardware.o
 .ARM.attributes
                0x00000165       0x33 ./system/src/cortexm/exception_handlers.o
 .ARM.attributes
                0x00000198       0x33 ./system/src/cmsis/system_stm32f4xx.o
 .ARM.attributes
                0x000001cb       0x33 ./system/src/cmsis/vectors_stm32f401xc.o
 .ARM.attributes
                0x000001fe       0x33 ./src/GPIO.o
 .ARM.attributes
                0x00000231       0x33 ./src/H_Lcd.o
 .ARM.attributes
                0x00000264       0x33 ./src/H_Lcd_cfg.o
 .ARM.attributes
                0x00000297       0x33 ./src/KeyPad.o
 .ARM.attributes
                0x000002ca       0x33 ./src/KeyPad_cfg.o
 .ARM.attributes
                0x000002fd       0x33 ./src/RCC.o
 .ARM.attributes
                0x00000330       0x33 ./src/Sched.o
 .ARM.attributes
                0x00000363       0x33 ./src/Sched_cfg.o
 .ARM.attributes
                0x00000396       0x33 ./src/Systick.o
 .ARM.attributes
                0x000003c9       0x33 ./src/app.o
 .ARM.attributes
                0x000003fc       0x33 ./src/main.o
 .ARM.attributes
                0x0000042f       0x2e d:/iti/13-tourkey/arm_stm32f401/tools/arm gcc/bin/../lib/gcc/arm-none-eabi/5.4.1/../../../../arm-none-eabi/lib/armv7e-m\libg_nano.a(lib_a-errno.o)
 .ARM.attributes
                0x0000045d       0x2e d:/iti/13-tourkey/arm_stm32f401/tools/arm gcc/bin/../lib/gcc/arm-none-eabi/5.4.1/../../../../arm-none-eabi/lib/armv7e-m\libg_nano.a(lib_a-impure.o)
 .ARM.attributes
                0x0000048b       0x2e d:/iti/13-tourkey/arm_stm32f401/tools/arm gcc/bin/../lib/gcc/arm-none-eabi/5.4.1/../../../../arm-none-eabi/lib/armv7e-m\libg_nano.a(lib_a-vsnprintf.o)
 .ARM.attributes
                0x000004b9       0x2e d:/iti/13-tourkey/arm_stm32f401/tools/arm gcc/bin/../lib/gcc/arm-none-eabi/5.4.1/../../../../arm-none-eabi/lib/armv7e-m\libg_nano.a(lib_a-nano-svfprintf.o)
 .ARM.attributes
                0x000004e7       0x2e d:/iti/13-tourkey/arm_stm32f401/tools/arm gcc/bin/../lib/gcc/arm-none-eabi/5.4.1/../../../../arm-none-eabi/lib/armv7e-m\libg_nano.a(lib_a-nano-vfprintf_i.o)
 .ARM.attributes
                0x00000515       0x1c d:/iti/13-tourkey/arm_stm32f401/tools/arm gcc/bin/../lib/gcc/arm-none-eabi/5.4.1/../../../../arm-none-eabi/lib/armv7e-m\libg_nano.a(lib_a-memchr.o)
 .ARM.attributes
                0x00000531       0x2e d:/iti/13-tourkey/arm_stm32f401/tools/arm gcc/bin/../lib/gcc/arm-none-eabi/5.4.1/../../../../arm-none-eabi/lib/armv7e-m\libg_nano.a(lib_a-memcpy-stub.o)
 .ARM.attributes
                0x0000055f       0x2e d:/iti/13-tourkey/arm_stm32f401/tools/arm gcc/bin/../lib/gcc/arm-none-eabi/5.4.1/../../../../arm-none-eabi/lib/armv7e-m\libg_nano.a(lib_a-memmove.o)
 .ARM.attributes
                0x0000058d       0x2e d:/iti/13-tourkey/arm_stm32f401/tools/arm gcc/bin/../lib/gcc/arm-none-eabi/5.4.1/../../../../arm-none-eabi/lib/armv7e-m\libg_nano.a(lib_a-nano-freer.o)
 .ARM.attributes
                0x000005bb       0x2e d:/iti/13-tourkey/arm_stm32f401/tools/arm gcc/bin/../lib/gcc/arm-none-eabi/5.4.1/../../../../arm-none-eabi/lib/armv7e-m\libg_nano.a(lib_a-nano-mallocr.o)
 .ARM.attributes
                0x000005e9       0x2e d:/iti/13-tourkey/arm_stm32f401/tools/arm gcc/bin/../lib/gcc/arm-none-eabi/5.4.1/../../../../arm-none-eabi/lib/armv7e-m\libg_nano.a(lib_a-nano-reallocr.o)
 .ARM.attributes
                0x00000617       0x2e d:/iti/13-tourkey/arm_stm32f401/tools/arm gcc/bin/../lib/gcc/arm-none-eabi/5.4.1/../../../../arm-none-eabi/lib/armv7e-m\libg_nano.a(lib_a-sbrkr.o)
 .ARM.attributes
                0x00000645       0x2e d:/iti/13-tourkey/arm_stm32f401/tools/arm gcc/bin/../lib/gcc/arm-none-eabi/5.4.1/../../../../arm-none-eabi/lib/armv7e-m\libg_nano.a(lib_a-mlock.o)
 .ARM.attributes
                0x00000673       0x2e d:/iti/13-tourkey/arm_stm32f401/tools/arm gcc/bin/../lib/gcc/arm-none-eabi/5.4.1/../../../../arm-none-eabi/lib/armv7e-m\libg_nano.a(lib_a-nano-msizer.o)

.debug
 *(.debug)

.line
 *(.line)

.debug_srcinfo
 *(.debug_srcinfo)

.debug_sfnames
 *(.debug_sfnames)

.debug_aranges  0x00000000      0x460
 *(.debug_aranges)
 .debug_aranges
                0x00000000       0x28 ./system/src/newlib/_exit.o
 .debug_aranges
                0x00000028       0x20 ./system/src/newlib/_sbrk.o
 .debug_aranges
                0x00000048       0x40 ./system/src/newlib/_startup.o
 .debug_aranges
                0x00000088       0x30 ./system/src/newlib/_syscalls.o
 .debug_aranges
                0x000000b8       0x38 ./system/src/diag/Trace.o
 .debug_aranges
                0x000000f0       0x30 ./system/src/diag/trace_impl.o
 .debug_aranges
                0x00000120       0x28 ./system/src/cortexm/_initialize_hardware.o
 .debug_aranges
                0x00000148       0x90 ./system/src/cortexm/exception_handlers.o
 .debug_aranges
                0x000001d8       0x28 ./system/src/cmsis/system_stm32f4xx.o
 .debug_aranges
                0x00000200       0x20 ./system/src/cmsis/vectors_stm32f401xc.o
 .debug_aranges
                0x00000220       0x38 ./src/GPIO.o
 .debug_aranges
                0x00000258       0x60 ./src/H_Lcd.o
 .debug_aranges
                0x000002b8       0x18 ./src/H_Lcd_cfg.o
 .debug_aranges
                0x000002d0       0x30 ./src/KeyPad.o
 .debug_aranges
                0x00000300       0x18 ./src/KeyPad_cfg.o
 .debug_aranges
                0x00000318       0x60 ./src/RCC.o
 .debug_aranges
                0x00000378       0x38 ./src/Sched.o
 .debug_aranges
                0x000003b0       0x18 ./src/Sched_cfg.o
 .debug_aranges
                0x000003c8       0x40 ./src/Systick.o
 .debug_aranges
                0x00000408       0x38 ./src/app.o
 .debug_aranges
                0x00000440       0x20 ./src/main.o

.debug_pubnames
 *(.debug_pubnames)

.debug_info     0x00000000     0x3dda
 *(.debug_info .gnu.linkonce.wi.*)
 .debug_info    0x00000000       0xef ./system/src/newlib/_exit.o
 .debug_info    0x000000ef      0x11f ./system/src/newlib/_sbrk.o
 .debug_info    0x0000020e      0x4f2 ./system/src/newlib/_startup.o
 .debug_info    0x00000700      0x1c7 ./system/src/newlib/_syscalls.o
 .debug_info    0x000008c7      0x2e7 ./system/src/diag/Trace.o
 .debug_info    0x00000bae      0x30b ./system/src/diag/trace_impl.o
 .debug_info    0x00000eb9      0x2bf ./system/src/cortexm/_initialize_hardware.o
 .debug_info    0x00001178      0x8f4 ./system/src/cortexm/exception_handlers.o
 .debug_info    0x00001a6c      0x4e3 ./system/src/cmsis/system_stm32f4xx.o
 .debug_info    0x00001f4f       0xd1 ./system/src/cmsis/vectors_stm32f401xc.o
 .debug_info    0x00002020      0x325 ./src/GPIO.o
 .debug_info    0x00002345      0x630 ./src/H_Lcd.o
 .debug_info    0x00002975      0x11c ./src/H_Lcd_cfg.o
 .debug_info    0x00002a91      0x358 ./src/KeyPad.o
 .debug_info    0x00002de9      0x163 ./src/KeyPad_cfg.o
 .debug_info    0x00002f4c      0x5cd ./src/RCC.o
 .debug_info    0x00003519      0x227 ./src/Sched.o
 .debug_info    0x00003740       0xfc ./src/Sched_cfg.o
 .debug_info    0x0000383c      0x18a ./src/Systick.o
 .debug_info    0x000039c6      0x2cb ./src/app.o
 .debug_info    0x00003c91      0x149 ./src/main.o

.debug_abbrev   0x00000000     0x16f2
 *(.debug_abbrev)
 .debug_abbrev  0x00000000       0x8e ./system/src/newlib/_exit.o
 .debug_abbrev  0x0000008e       0xb9 ./system/src/newlib/_sbrk.o
 .debug_abbrev  0x00000147      0x1b6 ./system/src/newlib/_startup.o
 .debug_abbrev  0x000002fd       0xec ./system/src/newlib/_syscalls.o
 .debug_abbrev  0x000003e9      0x156 ./system/src/diag/Trace.o
 .debug_abbrev  0x0000053f      0x1c8 ./system/src/diag/trace_impl.o
 .debug_abbrev  0x00000707       0xea ./system/src/cortexm/_initialize_hardware.o
 .debug_abbrev  0x000007f1      0x247 ./system/src/cortexm/exception_handlers.o
 .debug_abbrev  0x00000a38      0x104 ./system/src/cmsis/system_stm32f4xx.o
 .debug_abbrev  0x00000b3c       0x9d ./system/src/cmsis/vectors_stm32f401xc.o
 .debug_abbrev  0x00000bd9      0x108 ./src/GPIO.o
 .debug_abbrev  0x00000ce1      0x1ad ./src/H_Lcd.o
 .debug_abbrev  0x00000e8e       0x7c ./src/H_Lcd_cfg.o
 .debug_abbrev  0x00000f0a      0x14f ./src/KeyPad.o
 .debug_abbrev  0x00001059       0xa3 ./src/KeyPad_cfg.o
 .debug_abbrev  0x000010fc      0x112 ./src/RCC.o
 .debug_abbrev  0x0000120e      0x17a ./src/Sched.o
 .debug_abbrev  0x00001388       0x9b ./src/Sched_cfg.o
 .debug_abbrev  0x00001423       0xec ./src/Systick.o
 .debug_abbrev  0x0000150f      0x14d ./src/app.o
 .debug_abbrev  0x0000165c       0x96 ./src/main.o

.debug_line     0x00000000     0x5e22
 *(.debug_line)
 .debug_line    0x00000000      0x311 ./system/src/newlib/_exit.o
 .debug_line    0x00000311      0x2c2 ./system/src/newlib/_sbrk.o
 .debug_line    0x000005d3      0x38a ./system/src/newlib/_startup.o
 .debug_line    0x0000095d      0x3d2 ./system/src/newlib/_syscalls.o
 .debug_line    0x00000d2f      0x37f ./system/src/diag/Trace.o
 .debug_line    0x000010ae      0xa7e ./system/src/diag/trace_impl.o
 .debug_line    0x00001b2c      0x9e6 ./system/src/cortexm/_initialize_hardware.o
 .debug_line    0x00002512      0xb1c ./system/src/cortexm/exception_handlers.o
 .debug_line    0x0000302e      0x9e6 ./system/src/cmsis/system_stm32f4xx.o
 .debug_line    0x00003a14       0xfa ./system/src/cmsis/vectors_stm32f401xc.o
 .debug_line    0x00003b0e      0x388 ./src/GPIO.o
 .debug_line    0x00003e96      0x422 ./src/H_Lcd.o
 .debug_line    0x000042b8      0x300 ./src/H_Lcd_cfg.o
 .debug_line    0x000045b8      0x3de ./src/KeyPad.o
 .debug_line    0x00004996       0xc8 ./src/KeyPad_cfg.o
 .debug_line    0x00004a5e      0x47c ./src/RCC.o
 .debug_line    0x00004eda      0x389 ./src/Sched.o
 .debug_line    0x00005263      0x335 ./src/Sched_cfg.o
 .debug_line    0x00005598      0x38a ./src/Systick.o
 .debug_line    0x00005922      0x1b8 ./src/app.o
 .debug_line    0x00005ada      0x348 ./src/main.o

.debug_frame    0x00000000      0xb00
 *(.debug_frame)
 .debug_frame   0x00000000       0x38 ./system/src/newlib/_exit.o
 .debug_frame   0x00000038       0x28 ./system/src/newlib/_sbrk.o
 .debug_frame   0x00000060       0x7c ./system/src/newlib/_startup.o
 .debug_frame   0x000000dc       0x50 ./system/src/newlib/_syscalls.o
 .debug_frame   0x0000012c       0x94 ./system/src/diag/Trace.o
 .debug_frame   0x000001c0       0x60 ./system/src/diag/trace_impl.o
 .debug_frame   0x00000220       0x40 ./system/src/cortexm/_initialize_hardware.o
 .debug_frame   0x00000260      0x158 ./system/src/cortexm/exception_handlers.o
 .debug_frame   0x000003b8       0x30 ./system/src/cmsis/system_stm32f4xx.o
 .debug_frame   0x000003e8       0x20 ./system/src/cmsis/vectors_stm32f401xc.o
 .debug_frame   0x00000408       0x7c ./src/GPIO.o
 .debug_frame   0x00000484      0x100 ./src/H_Lcd.o
 .debug_frame   0x00000584       0x64 ./src/KeyPad.o
 .debug_frame   0x000005e8       0xd4 ./src/RCC.o
 .debug_frame   0x000006bc       0x68 ./src/Sched.o
 .debug_frame   0x00000724       0x68 ./src/Systick.o
 .debug_frame   0x0000078c       0x88 ./src/app.o
 .debug_frame   0x00000814       0x28 ./src/main.o
 .debug_frame   0x0000083c       0x20 d:/iti/13-tourkey/arm_stm32f401/tools/arm gcc/bin/../lib/gcc/arm-none-eabi/5.4.1/../../../../arm-none-eabi/lib/armv7e-m\libg_nano.a(lib_a-errno.o)
 .debug_frame   0x0000085c       0x48 d:/iti/13-tourkey/arm_stm32f401/tools/arm gcc/bin/../lib/gcc/arm-none-eabi/5.4.1/../../../../arm-none-eabi/lib/armv7e-m\libg_nano.a(lib_a-vsnprintf.o)
 .debug_frame   0x000008a4       0x90 d:/iti/13-tourkey/arm_stm32f401/tools/arm gcc/bin/../lib/gcc/arm-none-eabi/5.4.1/../../../../arm-none-eabi/lib/armv7e-m\libg_nano.a(lib_a-nano-svfprintf.o)
 .debug_frame   0x00000934       0x60 d:/iti/13-tourkey/arm_stm32f401/tools/arm gcc/bin/../lib/gcc/arm-none-eabi/5.4.1/../../../../arm-none-eabi/lib/armv7e-m\libg_nano.a(lib_a-nano-vfprintf_i.o)
 .debug_frame   0x00000994       0x28 d:/iti/13-tourkey/arm_stm32f401/tools/arm gcc/bin/../lib/gcc/arm-none-eabi/5.4.1/../../../../arm-none-eabi/lib/armv7e-m\libg_nano.a(lib_a-memcpy-stub.o)
 .debug_frame   0x000009bc       0x28 d:/iti/13-tourkey/arm_stm32f401/tools/arm gcc/bin/../lib/gcc/arm-none-eabi/5.4.1/../../../../arm-none-eabi/lib/armv7e-m\libg_nano.a(lib_a-memmove.o)
 .debug_frame   0x000009e4       0x38 d:/iti/13-tourkey/arm_stm32f401/tools/arm gcc/bin/../lib/gcc/arm-none-eabi/5.4.1/../../../../arm-none-eabi/lib/armv7e-m\libg_nano.a(lib_a-nano-freer.o)
 .debug_frame   0x00000a1c       0x2c d:/iti/13-tourkey/arm_stm32f401/tools/arm gcc/bin/../lib/gcc/arm-none-eabi/5.4.1/../../../../arm-none-eabi/lib/armv7e-m\libg_nano.a(lib_a-nano-mallocr.o)
 .debug_frame   0x00000a48       0x3c d:/iti/13-tourkey/arm_stm32f401/tools/arm gcc/bin/../lib/gcc/arm-none-eabi/5.4.1/../../../../arm-none-eabi/lib/armv7e-m\libg_nano.a(lib_a-nano-reallocr.o)
 .debug_frame   0x00000a84       0x2c d:/iti/13-tourkey/arm_stm32f401/tools/arm gcc/bin/../lib/gcc/arm-none-eabi/5.4.1/../../../../arm-none-eabi/lib/armv7e-m\libg_nano.a(lib_a-sbrkr.o)
 .debug_frame   0x00000ab0       0x30 d:/iti/13-tourkey/arm_stm32f401/tools/arm gcc/bin/../lib/gcc/arm-none-eabi/5.4.1/../../../../arm-none-eabi/lib/armv7e-m\libg_nano.a(lib_a-mlock.o)
 .debug_frame   0x00000ae0       0x20 d:/iti/13-tourkey/arm_stm32f401/tools/arm gcc/bin/../lib/gcc/arm-none-eabi/5.4.1/../../../../arm-none-eabi/lib/armv7e-m\libg_nano.a(lib_a-nano-msizer.o)

.debug_str      0x00000000    0x73429
 *(.debug_str)
 .debug_str     0x00000000     0x6d6a ./system/src/newlib/_exit.o
                               0x6edc (size before relaxing)
 .debug_str     0x00006d6a      0x4de ./system/src/newlib/_sbrk.o
                               0x62c7 (size before relaxing)
 .debug_str     0x00007248      0xc20 ./system/src/newlib/_startup.o
                               0x5ee2 (size before relaxing)
 .debug_str     0x00007e68      0xe18 ./system/src/newlib/_syscalls.o
                               0x7127 (size before relaxing)
 .debug_str     0x00008c80      0x890 ./system/src/diag/Trace.o
                               0x76cc (size before relaxing)
 .debug_str     0x00009510    0x67a24 ./system/src/diag/trace_impl.o
                              0x6f9e2 (size before relaxing)
 .debug_str     0x00070f34       0xbc ./system/src/cortexm/_initialize_hardware.o
                              0x6e7c3 (size before relaxing)
 .debug_str     0x00070ff0      0x19d ./system/src/cortexm/exception_handlers.o
                              0x6fb6c (size before relaxing)
 .debug_str     0x0007118d       0xe2 ./system/src/cmsis/system_stm32f4xx.o
                              0x6e8b4 (size before relaxing)
 .debug_str     0x0007126f       0x59 ./system/src/cmsis/vectors_stm32f401xc.o
                               0x3099 (size before relaxing)
 .debug_str     0x000712c8      0xcba ./src/GPIO.o
                               0x7b74 (size before relaxing)
 .debug_str     0x00071f82      0x3df ./src/H_Lcd.o
                               0x73e6 (size before relaxing)
 .debug_str     0x00072361       0x13 ./src/H_Lcd_cfg.o
                               0x70dd (size before relaxing)
 .debug_str     0x00072374      0x208 ./src/KeyPad.o
                               0x77a9 (size before relaxing)
 .debug_str     0x0007257c       0x1e ./src/KeyPad_cfg.o
                               0x3a66 (size before relaxing)
 .debug_str     0x0007259a      0xb09 ./src/RCC.o
                               0x8108 (size before relaxing)
 .debug_str     0x000730a3      0x108 ./src/Sched.o
                               0x7704 (size before relaxing)
 .debug_str     0x000731ab       0x1b ./src/Sched_cfg.o
                               0x680d (size before relaxing)
 .debug_str     0x000731c6      0x170 ./src/Systick.o
                               0x779e (size before relaxing)
 .debug_str     0x00073336       0xe5 ./src/app.o
                               0x3296 (size before relaxing)
 .debug_str     0x0007341b        0xe ./src/main.o
                               0x7bc8 (size before relaxing)

.debug_loc      0x00000000     0x1939
 *(.debug_loc)
 .debug_loc     0x00000000       0x82 ./system/src/newlib/_sbrk.o
 .debug_loc     0x00000082      0x36e ./system/src/newlib/_startup.o
 .debug_loc     0x000003f0       0x63 ./system/src/newlib/_syscalls.o
 .debug_loc     0x00000453      0x102 ./system/src/diag/Trace.o
 .debug_loc     0x00000555      0x17c ./system/src/diag/trace_impl.o
 .debug_loc     0x000006d1      0x2a8 ./system/src/cortexm/exception_handlers.o
 .debug_loc     0x00000979      0x132 ./system/src/cmsis/system_stm32f4xx.o
 .debug_loc     0x00000aab      0x410 ./src/GPIO.o
 .debug_loc     0x00000ebb      0x19a ./src/H_Lcd.o
 .debug_loc     0x00001055       0xcf ./src/KeyPad.o
 .debug_loc     0x00001124      0x6cd ./src/RCC.o
 .debug_loc     0x000017f1       0x1e ./src/Sched.o
 .debug_loc     0x0000180f       0x21 ./src/Systick.o
 .debug_loc     0x00001830       0xc7 ./src/app.o
 .debug_loc     0x000018f7       0x42 ./src/main.o

.debug_macinfo
 *(.debug_macinfo)

.debug_weaknames
 *(.debug_weaknames)

.debug_funcnames
 *(.debug_funcnames)

.debug_typenames
 *(.debug_typenames)

.debug_varnames
 *(.debug_varnames)
OUTPUT(calac_Abdhay.elf elf32-littlearm)

.debug_ranges   0x00000000      0x340
 .debug_ranges  0x00000000       0x18 ./system/src/newlib/_exit.o
 .debug_ranges  0x00000018       0x10 ./system/src/newlib/_sbrk.o
 .debug_ranges  0x00000028       0x30 ./system/src/newlib/_startup.o
 .debug_ranges  0x00000058       0x20 ./system/src/newlib/_syscalls.o
 .debug_ranges  0x00000078       0x28 ./system/src/diag/Trace.o
 .debug_ranges  0x000000a0       0x38 ./system/src/diag/trace_impl.o
 .debug_ranges  0x000000d8       0x18 ./system/src/cortexm/_initialize_hardware.o
 .debug_ranges  0x000000f0       0x98 ./system/src/cortexm/exception_handlers.o
 .debug_ranges  0x00000188       0x18 ./system/src/cmsis/system_stm32f4xx.o
 .debug_ranges  0x000001a0       0x10 ./system/src/cmsis/vectors_stm32f401xc.o
 .debug_ranges  0x000001b0       0x28 ./src/GPIO.o
 .debug_ranges  0x000001d8       0x68 ./src/H_Lcd.o
 .debug_ranges  0x00000240       0x20 ./src/KeyPad.o
 .debug_ranges  0x00000260       0x50 ./src/RCC.o
 .debug_ranges  0x000002b0       0x28 ./src/Sched.o
 .debug_ranges  0x000002d8       0x30 ./src/Systick.o
 .debug_ranges  0x00000308       0x28 ./src/app.o
 .debug_ranges  0x00000330       0x10 ./src/main.o

.debug_macro    0x00000000    0x142ab
 .debug_macro   0x00000000      0x19c ./system/src/newlib/_exit.o
 .debug_macro   0x0000019c      0x898 ./system/src/newlib/_exit.o
 .debug_macro   0x00000a34       0x9c ./system/src/newlib/_exit.o
 .debug_macro   0x00000ad0      0x10e ./system/src/newlib/_exit.o
 .debug_macro   0x00000bde       0x8d ./system/src/newlib/_exit.o
 .debug_macro   0x00000c6b       0x43 ./system/src/newlib/_exit.o
 .debug_macro   0x00000cae      0x30d ./system/src/newlib/_exit.o
 .debug_macro   0x00000fbb       0x35 ./system/src/newlib/_exit.o
 .debug_macro   0x00000ff0      0x151 ./system/src/newlib/_sbrk.o
 .debug_macro   0x00001141      0x174 ./system/src/newlib/_sbrk.o
 .debug_macro   0x000012b5       0x10 ./system/src/newlib/_sbrk.o
 .debug_macro   0x000012c5      0x23b ./system/src/newlib/_sbrk.o
 .debug_macro   0x00001500      0x15b ./system/src/newlib/_startup.o
 .debug_macro   0x0000165b      0x89e ./system/src/newlib/_startup.o
 .debug_macro   0x00001ef9      0x34e ./system/src/newlib/_startup.o
 .debug_macro   0x00002247      0x1ff ./system/src/newlib/_syscalls.o
 .debug_macro   0x00002446       0x1c ./system/src/newlib/_syscalls.o
 .debug_macro   0x00002462       0x10 ./system/src/newlib/_syscalls.o
 .debug_macro   0x00002472       0x10 ./system/src/newlib/_syscalls.o
 .debug_macro   0x00002482       0x10 ./system/src/newlib/_syscalls.o
 .debug_macro   0x00002492       0x35 ./system/src/newlib/_syscalls.o
 .debug_macro   0x000024c7      0x122 ./system/src/newlib/_syscalls.o
 .debug_macro   0x000025e9       0x88 ./system/src/newlib/_syscalls.o
 .debug_macro   0x00002671       0x2b ./system/src/newlib/_syscalls.o
 .debug_macro   0x0000269c      0x118 ./system/src/newlib/_syscalls.o
 .debug_macro   0x000027b4      0x159 ./system/src/newlib/_syscalls.o
 .debug_macro   0x0000290d       0x16 ./system/src/newlib/_syscalls.o
 .debug_macro   0x00002923      0x1d9 ./system/src/diag/Trace.o
 .debug_macro   0x00002afc       0x16 ./system/src/diag/Trace.o
 .debug_macro   0x00002b12       0x97 ./system/src/diag/Trace.o
 .debug_macro   0x00002ba9       0xfd ./system/src/diag/Trace.o
 .debug_macro   0x00002ca6       0x10 ./system/src/diag/Trace.o
 .debug_macro   0x00002cb6       0x16 ./system/src/diag/Trace.o
 .debug_macro   0x00002ccc      0x18b ./system/src/diag/Trace.o
 .debug_macro   0x00002e57       0x4c ./system/src/diag/Trace.o
 .debug_macro   0x00002ea3       0x16 ./system/src/diag/Trace.o
 .debug_macro   0x00002eb9      0x512 ./system/src/diag/trace_impl.o
 .debug_macro   0x000033cb       0x31 ./system/src/diag/trace_impl.o
 .debug_macro   0x000033fc       0x28 ./system/src/diag/trace_impl.o
 .debug_macro   0x00003424       0x35 ./system/src/diag/trace_impl.o
 .debug_macro   0x00003459       0x50 ./system/src/diag/trace_impl.o
 .debug_macro   0x000034a9      0xe66 ./system/src/diag/trace_impl.o
 .debug_macro   0x0000430f     0x5099 ./system/src/diag/trace_impl.o
 .debug_macro   0x000093a8       0x43 ./system/src/diag/trace_impl.o
 .debug_macro   0x000093eb      0x289 ./system/src/diag/trace_impl.o
 .debug_macro   0x00009674     0x347f ./system/src/diag/trace_impl.o
 .debug_macro   0x0000caf3       0x57 ./system/src/diag/trace_impl.o
 .debug_macro   0x0000cb4a      0x424 ./system/src/diag/trace_impl.o
 .debug_macro   0x0000cf6e      0x9e1 ./system/src/diag/trace_impl.o
 .debug_macro   0x0000d94f      0x11e ./system/src/diag/trace_impl.o
 .debug_macro   0x0000da6d       0xf8 ./system/src/diag/trace_impl.o
 .debug_macro   0x0000db65       0x27 ./system/src/diag/trace_impl.o
 .debug_macro   0x0000db8c      0x287 ./system/src/diag/trace_impl.o
 .debug_macro   0x0000de13       0x5f ./system/src/diag/trace_impl.o
 .debug_macro   0x0000de72      0x23a ./system/src/diag/trace_impl.o
 .debug_macro   0x0000e0ac      0x391 ./system/src/diag/trace_impl.o
 .debug_macro   0x0000e43d      0x16f ./system/src/diag/trace_impl.o
 .debug_macro   0x0000e5ac       0xf9 ./system/src/diag/trace_impl.o
 .debug_macro   0x0000e6a5       0x23 ./system/src/diag/trace_impl.o
 .debug_macro   0x0000e6c8      0x13a ./system/src/diag/trace_impl.o
 .debug_macro   0x0000e802      0x23a ./system/src/diag/trace_impl.o
 .debug_macro   0x0000ea3c       0x2e ./system/src/diag/trace_impl.o
 .debug_macro   0x0000ea6a      0x1a7 ./system/src/diag/trace_impl.o
 .debug_macro   0x0000ec11       0x22 ./system/src/diag/trace_impl.o
 .debug_macro   0x0000ec33       0xa5 ./system/src/diag/trace_impl.o
 .debug_macro   0x0000ecd8      0x18b ./system/src/diag/trace_impl.o
 .debug_macro   0x0000ee63       0x24 ./system/src/diag/trace_impl.o
 .debug_macro   0x0000ee87       0x35 ./system/src/diag/trace_impl.o
 .debug_macro   0x0000eebc       0x79 ./system/src/diag/trace_impl.o
 .debug_macro   0x0000ef35      0x11e ./system/src/diag/trace_impl.o
 .debug_macro   0x0000f053       0x85 ./system/src/diag/trace_impl.o
 .debug_macro   0x0000f0d8       0x89 ./system/src/diag/trace_impl.o
 .debug_macro   0x0000f161      0x31a ./system/src/diag/trace_impl.o
 .debug_macro   0x0000f47b      0x409 ./system/src/diag/trace_impl.o
 .debug_macro   0x0000f884       0xe4 ./system/src/diag/trace_impl.o
 .debug_macro   0x0000f968      0x48d ./system/src/diag/trace_impl.o
 .debug_macro   0x0000fdf5      0x22b ./system/src/diag/trace_impl.o
 .debug_macro   0x00010020      0x202 ./system/src/diag/trace_impl.o
 .debug_macro   0x00010222      0x6d9 ./system/src/diag/trace_impl.o
 .debug_macro   0x000108fb       0x5b ./system/src/diag/trace_impl.o
 .debug_macro   0x00010956      0x14d ./system/src/diag/trace_impl.o
 .debug_macro   0x00010aa3      0x287 ./system/src/diag/trace_impl.o
 .debug_macro   0x00010d2a      0x225 ./system/src/diag/trace_impl.o
 .debug_macro   0x00010f4f      0x1b5 ./system/src/diag/trace_impl.o
 .debug_macro   0x00011104      0x2db ./system/src/diag/trace_impl.o
 .debug_macro   0x000113df       0x89 ./system/src/diag/trace_impl.o
 .debug_macro   0x00011468      0x1df ./system/src/diag/trace_impl.o
 .debug_macro   0x00011647      0x115 ./system/src/diag/trace_impl.o
 .debug_macro   0x0001175c       0x6e ./system/src/diag/trace_impl.o
 .debug_macro   0x000117ca      0x11e ./system/src/diag/trace_impl.o
 .debug_macro   0x000118e8       0x22 ./system/src/diag/trace_impl.o
 .debug_macro   0x0001190a      0x4d6 ./system/src/cortexm/_initialize_hardware.o
 .debug_macro   0x00011de0      0x535 ./system/src/cortexm/exception_handlers.o
 .debug_macro   0x00012315       0x3b ./system/src/cortexm/exception_handlers.o
 .debug_macro   0x00012350      0x4d2 ./system/src/cmsis/system_stm32f4xx.o
 .debug_macro   0x00012822       0x34 ./system/src/cmsis/vectors_stm32f401xc.o
 .debug_macro   0x00012856      0x217 ./src/GPIO.o
 .debug_macro   0x00012a6d      0x234 ./src/GPIO.o
 .debug_macro   0x00012ca1      0x1ee ./src/H_Lcd.o
 .debug_macro   0x00012e8f       0x10 ./src/H_Lcd.o
 .debug_macro   0x00012e9f       0x52 ./src/H_Lcd.o
 .debug_macro   0x00012ef1       0x16 ./src/H_Lcd.o
 .debug_macro   0x00012f07      0x1dc ./src/H_Lcd_cfg.o
 .debug_macro   0x000130e3      0x1a0 ./src/KeyPad.o
 .debug_macro   0x00013283       0x16 ./src/KeyPad.o
 .debug_macro   0x00013299      0x234 ./src/KeyPad.o
 .debug_macro   0x000134cd       0x10 ./src/KeyPad.o
 .debug_macro   0x000134dd       0xcf ./src/KeyPad.o
 .debug_macro   0x000135ac       0xbe ./src/KeyPad.o
 .debug_macro   0x0001366a       0x46 ./src/KeyPad_cfg.o
 .debug_macro   0x000136b0      0x228 ./src/RCC.o
 .debug_macro   0x000138d8      0x106 ./src/RCC.o
 .debug_macro   0x000139de      0x1fa ./src/Sched.o
 .debug_macro   0x00013bd8       0x16 ./src/Sched.o
 .debug_macro   0x00013bee      0x209 ./src/Sched_cfg.o
 .debug_macro   0x00013df7      0x1f9 ./src/Systick.o
 .debug_macro   0x00013ff0       0x2e ./src/Systick.o
 .debug_macro   0x0001401e       0x16 ./src/Systick.o
 .debug_macro   0x00014034       0x6e ./src/app.o
 .debug_macro   0x000140a2      0x209 ./src/main.o
